<?php return array (
  0 => 'Symfony\\Bundle\\FrameworkBundle\\Controller\\AbstractController',
  1 => 'App\\Controller\\AccountController',
  2 => 'App\\Controller\\AddressController',
  3 => 'App\\Controller\\CGUController',
  4 => 'App\\Controller\\HomeController',
  5 => 'App\\Controller\\RegistrationController',
  6 => 'App\\Controller\\ResetPasswordController',
  7 => 'App\\Controller\\SecurityController',
  8 => 'App\\Entity\\Address',
  9 => 'App\\Entity\\Categories',
  10 => 'App\\Entity\\Product',
  11 => 'App\\Entity\\RelatedProduct',
  12 => 'App\\Entity\\ResetPasswordRequest',
  13 => 'App\\Entity\\ReviewsProduct',
  14 => 'App\\Entity\\TagsProduct',
  15 => 'App\\Entity\\User',
  16 => 'Doctrine\\Bundle\\DoctrineBundle\\Controller\\ProfilerController',
  17 => 'Doctrine\\ORM\\Cache\\Persister\\Entity\\AbstractEntityPersister',
  18 => 'Doctrine\\ORM\\Cache\\Persister\\Entity\\CachedEntityPersister',
  19 => 'Doctrine\\ORM\\Cache\\Persister\\Entity\\NonStrictReadWriteCachedEntityPersister',
  20 => 'Doctrine\\ORM\\Cache\\Persister\\Entity\\ReadOnlyCachedEntityPersister',
  21 => 'Doctrine\\ORM\\Cache\\Persister\\Entity\\ReadWriteCachedEntityPersister',
  22 => 'Doctrine\\ORM\\Persisters\\Entity\\AbstractEntityInheritancePersister',
  23 => 'Doctrine\\ORM\\Persisters\\Entity\\BasicEntityPersister',
  24 => 'Doctrine\\ORM\\Persisters\\Entity\\CachedPersisterContext',
  25 => 'Doctrine\\ORM\\Persisters\\Entity\\EntityPersister',
  26 => 'Doctrine\\ORM\\Persisters\\Entity\\JoinedSubclassPersister',
  27 => 'Doctrine\\ORM\\Persisters\\Entity\\SingleTablePersister',
  28 => 'EasyCorp\\Bundle\\EasyAdminBundle\\Contracts\\Controller\\CrudControllerInterface',
  29 => 'EasyCorp\\Bundle\\EasyAdminBundle\\Contracts\\Controller\\DashboardControllerInterface',
  30 => 'EasyCorp\\Bundle\\EasyAdminBundle\\Controller\\AbstractCrudController',
  31 => 'EasyCorp\\Bundle\\EasyAdminBundle\\Controller\\AbstractDashboardController',
  32 => 'EasyCorp\\Bundle\\EasyAdminBundle\\Controller\\EasyAdminController',
  33 => 'SymfonyCasts\\Bundle\\ResetPassword\\Controller\\ResetPasswordControllerTrait',
  35 => 'Symfony\\Bundle\\FrameworkBundle\\Controller\\ControllerResolver',
  36 => 'Symfony\\Bundle\\FrameworkBundle\\Controller\\RedirectController',
  37 => 'Symfony\\Bundle\\FrameworkBundle\\Controller\\TemplateController',
  38 => 'Symfony\\Bundle\\WebProfilerBundle\\Controller\\ExceptionPanelController',
  39 => 'Symfony\\Bundle\\WebProfilerBundle\\Controller\\ProfilerController',
  40 => 'Symfony\\Bundle\\WebProfilerBundle\\Controller\\RouterController',
  41 => 'Symfony\\Component\\HttpKernel\\Controller\\ArgumentResolver',
  42 => 'Symfony\\Component\\HttpKernel\\Controller\\ArgumentResolverInterface',
  43 => 'Symfony\\Component\\HttpKernel\\Controller\\ArgumentResolver\\DefaultValueResolver',
  44 => 'Symfony\\Component\\HttpKernel\\Controller\\ArgumentResolver\\NotTaggedControllerValueResolver',
  45 => 'Symfony\\Component\\HttpKernel\\Controller\\ArgumentResolver\\RequestAttributeValueResolver',
  46 => 'Symfony\\Component\\HttpKernel\\Controller\\ArgumentResolver\\RequestValueResolver',
  47 => 'Symfony\\Component\\HttpKernel\\Controller\\ArgumentResolver\\ServiceValueResolver',
  48 => 'Symfony\\Component\\HttpKernel\\Controller\\ArgumentResolver\\SessionValueResolver',
  49 => 'Symfony\\Component\\HttpKernel\\Controller\\ArgumentResolver\\TraceableValueResolver',
  50 => 'Symfony\\Component\\HttpKernel\\Controller\\ArgumentResolver\\VariadicValueResolver',
  51 => 'Symfony\\Component\\HttpKernel\\Controller\\ArgumentValueResolverInterface',
  52 => 'Symfony\\Component\\HttpKernel\\Controller\\ContainerControllerResolver',
  53 => 'Symfony\\Component\\HttpKernel\\Controller\\ControllerReference',
  54 => 'Symfony\\Component\\HttpKernel\\Controller\\ControllerResolver',
  55 => 'Symfony\\Component\\HttpKernel\\Controller\\ControllerResolverInterface',
  56 => 'Symfony\\Component\\HttpKernel\\Controller\\ErrorController',
  57 => 'Symfony\\Component\\HttpKernel\\Controller\\TraceableArgumentResolver',
  58 => 'Symfony\\Component\\HttpKernel\\Controller\\TraceableControllerResolver',
  59 => 'Symfony\\Component\\Security\\Http\\Controller\\UserValueResolver',
);